// Jest Snapshot v1, https://goo.gl/fbAQLP

exports[`LandingPage should match snapshot 1`] = `
ShallowWrapper {
  "length": 1,
  Symbol(enzyme.__root__): [Circular],
  Symbol(enzyme.__unrendered__): <LandingPage
    fetchArticles={[Function]}
/>,
  Symbol(enzyme.__renderer__): Object {
    "batchedUpdates": [Function],
    "getNode": [Function],
    "render": [Function],
    "simulateEvent": [Function],
    "unmount": [Function],
  },
  Symbol(enzyme.__node__): Object {
    "instance": null,
    "key": undefined,
    "nodeType": "host",
    "props": Object {
      "children": Array [
        <form
          onSubmit={[Function]}
>
          <input
                    className="search-input"
                    name="query"
                    onChange={[Function]}
                    placeholder="Search through thousands of open source articles"
                    type="text"
                    value=""
          />
          <button
                    className="submit-search"
          >
                    Submit
          </button>
</form>,
        false,
      ],
    },
    "ref": null,
    "rendered": Array [
      Object {
        "instance": null,
        "key": undefined,
        "nodeType": "host",
        "props": Object {
          "children": Array [
            <input
              className="search-input"
              name="query"
              onChange={[Function]}
              placeholder="Search through thousands of open source articles"
              type="text"
              value=""
/>,
            <button
              className="submit-search"
>
              Submit
</button>,
          ],
          "onSubmit": [Function],
        },
        "ref": null,
        "rendered": Array [
          Object {
            "instance": null,
            "key": undefined,
            "nodeType": "host",
            "props": Object {
              "className": "search-input",
              "name": "query",
              "onChange": [Function],
              "placeholder": "Search through thousands of open source articles",
              "type": "text",
              "value": "",
            },
            "ref": null,
            "rendered": null,
            "type": "input",
          },
          Object {
            "instance": null,
            "key": undefined,
            "nodeType": "host",
            "props": Object {
              "children": "Submit",
              "className": "submit-search",
            },
            "ref": null,
            "rendered": "Submit",
            "type": "button",
          },
        ],
        "type": "form",
      },
      false,
    ],
    "type": "main",
  },
  Symbol(enzyme.__nodes__): Array [
    Object {
      "instance": null,
      "key": undefined,
      "nodeType": "host",
      "props": Object {
        "children": Array [
          <form
            onSubmit={[Function]}
>
            <input
                        className="search-input"
                        name="query"
                        onChange={[Function]}
                        placeholder="Search through thousands of open source articles"
                        type="text"
                        value=""
            />
            <button
                        className="submit-search"
            >
                        Submit
            </button>
</form>,
          false,
        ],
      },
      "ref": null,
      "rendered": Array [
        Object {
          "instance": null,
          "key": undefined,
          "nodeType": "host",
          "props": Object {
            "children": Array [
              <input
                className="search-input"
                name="query"
                onChange={[Function]}
                placeholder="Search through thousands of open source articles"
                type="text"
                value=""
/>,
              <button
                className="submit-search"
>
                Submit
</button>,
            ],
            "onSubmit": [Function],
          },
          "ref": null,
          "rendered": Array [
            Object {
              "instance": null,
              "key": undefined,
              "nodeType": "host",
              "props": Object {
                "className": "search-input",
                "name": "query",
                "onChange": [Function],
                "placeholder": "Search through thousands of open source articles",
                "type": "text",
                "value": "",
              },
              "ref": null,
              "rendered": null,
              "type": "input",
            },
            Object {
              "instance": null,
              "key": undefined,
              "nodeType": "host",
              "props": Object {
                "children": "Submit",
                "className": "submit-search",
              },
              "ref": null,
              "rendered": "Submit",
              "type": "button",
            },
          ],
          "type": "form",
        },
        false,
      ],
      "type": "main",
    },
  ],
  Symbol(enzyme.__options__): Object {
    "adapter": ReactSixteenAdapter {
      "options": Object {
        "enableComponentDidUpdateOnSetState": true,
      },
    },
  },
}
`;
